// Jest Snapshot v1, https://goo.gl/fbAQLP

exports[`Home route tests get home route GET / 1`] = `"{\\"data\\":\\"Hello from Yuri!\\"}"`;
